
"*** REPLAY PROLOG"

"*** REGISTER REPLAY METHODS"

"*** CREATE UPCALL SERVICE"

"*** INIT MODULE"
rpc call intiated PPP_InitializeModule:iihs:ii
input 0:  i(0)
input 1:  i(4444)
input 2:  h(pepper_desc)
input 3:  @LENGTHY_SERVICE_STRING
replaying PPB_GetInterface:s:i:
input 0:  s("PPB_Core;1.0")
output 0:  i(1)
rpc call complete PPP_InitializeModule:iihs:ii


"*** INIT INSTANCE"
rpc call intiated PPP_Instance_DidCreate:iiCC:i
input 0:  i(5555)
input 1:  i(1)
input 2:  C(12,buffer_size\x00)
input 3:  C(4,100\x00)
replaying PPB_GetInterface:s:i:
input 0:  s("PPB_InputEvent;1.0")
output 0:  i(1)
rpc call complete PPP_Instance_DidCreate:iiCC:i
output 0:  i(1)


"*** SENT EVENTS EV_MOUSE_DOWN"
rpc call intiated PPP_InputEvent_HandleInputEvent:iiCC:i
input 0:  i(5555)
input 1:  i(6666)
input 2:  C(64,\x00\x00\x00\x00@\x00\x00\x00\x00\x00\x00\x00\x00\x00\xf0?\x00\x00\x00\x00\x01\x00\x00\x00\b\x01\x00\x00d\x00\x00\x00\x00\x00\x00\x00\x00\x00\x00\x00\x00\x00\x00\x00\x00\x00\x00\x00\x00\x00\x00\x00\x00\x00\x00\x00\x00\x00\x00\x00\x00\x00\x00\x00)
input 3:  C(8,\x00\x00\x00\x00\x00\x00\x00\x00)
replaying PPB_Core_AddRefResource:i::
input 0:  i(6666)
replaying PPB_GetInterface:s:i:
input 0:  s("PPB_MouseInputEvent;1.1")
output 0:  i(1)
replaying ReleaseResourceMultipleTimes:ii::
input 0:  i(6666)
input 1:  i(1)
replaying PPB_GetInterface:s:i:
input 0:  s("PPB_Var;1.0")
output 0:  i(1)
rpc call complete PPP_InputEvent_HandleInputEvent:iiCC:i
output 0:  i(1)


"*** SENT EVENTS EV_MOUSE_UP"
rpc call intiated PPP_InputEvent_HandleInputEvent:iiCC:i
input 0:  i(5555)
input 1:  i(6666)
input 2:  C(64,\x01\x00\x00\x00@\x00\x00\x00\x00\x00\x00\x00\x00\x00\xf1?\x00\x00\x00\x00\x00\x00\x00\x00\b\x01\x00\x00d\x00\x00\x00\x00\x00\x00\x00\x00\x00\x00\x00\x00\x00\x00\x00\x00\x00\x00\x00\x00\x00\x00\x00\x00\x00\x00\x00\x00\x00\x00\x00\x00\x00\x00\x00)
input 3:  C(8,\x00\x00\x00\x00\x00\x00\x00\x00)
replaying PPB_Core_AddRefResource:i::
input 0:  i(6666)
replaying ReleaseResourceMultipleTimes:ii::
input 0:  i(6666)
input 1:  i(1)
rpc call complete PPP_InputEvent_HandleInputEvent:iiCC:i
output 0:  i(1)


"*** SENT EVENTS EV_MOUSE_MOVE"
rpc call intiated PPP_InputEvent_HandleInputEvent:iiCC:i
input 0:  i(5555)
input 1:  i(6666)
input 2:  C(64,\x02\x00\x00\x00\x00\x00\x00\x00\x00\x00\x00\x00\x00\x00\xf2?\x00\x00\x00\x00\x00\x00\x00\x00\b\x01\x00\x00d\x00\x00\x00\x00\x00\x00\x00\x00\x00\x00\x00\x00\x00\x00\x00\x00\x00\x00\x00\x00\x00\x00\x00\x00\x00\x00\x00\x00\x00\x00\x00\x00\x00\x00\x00)
input 3:  C(8,\x00\x00\x00\x00\x00\x00\x00\x00)
replaying PPB_Core_AddRefResource:i::
input 0:  i(6666)
replaying ReleaseResourceMultipleTimes:ii::
input 0:  i(6666)
input 1:  i(1)
rpc call complete PPP_InputEvent_HandleInputEvent:iiCC:i
output 0:  i(1)


"*** SENT EVENTS EV_MOUSE_ENTER"
rpc call intiated PPP_InputEvent_HandleInputEvent:iiCC:i
input 0:  i(5555)
input 1:  i(6666)
input 2:  C(64,\x03\x00\x00\x00\x00\x00\x00\x00\x00\x00\x00\x00\x00\x00\xf3?\x00\x00\x00\x00\x00\x00\x00\x00\b\x01\x00\x00d\x00\x00\x00\x00\x00\x00\x00\x00\x00\x00\x00\x00\x00\x00\x00\x00\x00\x00\x00\x00\x00\x00\x00\x00\x00\x00\x00\x00\x00\x00\x00\x00\x00\x00\x00)
input 3:  C(8,\x00\x00\x00\x00\x00\x00\x00\x00)
replaying PPB_Core_AddRefResource:i::
input 0:  i(6666)
replaying ReleaseResourceMultipleTimes:ii::
input 0:  i(6666)
input 1:  i(1)
rpc call complete PPP_InputEvent_HandleInputEvent:iiCC:i
output 0:  i(1)


"*** SENT EVENTS EV_MOUSE_LEAVE"
rpc call intiated PPP_InputEvent_HandleInputEvent:iiCC:i
input 0:  i(5555)
input 1:  i(6666)
input 2:  C(64,\x04\x00\x00\x00\x00\x00\x00\x00\x00\x00\x00\x00\x00\x00\xf4?\x00\x00\x00\x00\x00\x00\x00\x00\b\x01\x00\x00d\x00\x00\x00\x00\x00\x00\x00\x00\x00\x00\x00\x00\x00\x00\x00\x00\x00\x00\x00\x00\x00\x00\x00\x00\x00\x00\x00\x00\x00\x00\x00\x00\x00\x00\x00)
input 3:  C(8,\x00\x00\x00\x00\x00\x00\x00\x00)
replaying PPB_Core_AddRefResource:i::
input 0:  i(6666)
replaying ReleaseResourceMultipleTimes:ii::
input 0:  i(6666)
input 1:  i(1)
rpc call complete PPP_InputEvent_HandleInputEvent:iiCC:i
output 0:  i(1)


"*** SENT EVENTS EV_KEY_UP"
rpc call intiated PPP_InputEvent_HandleInputEvent:iiCC:i
input 0:  i(5555)
input 1:  i(6666)
input 2:  C(64,\b\x00\x00\x00\x00\x00\x00\x00\x00\x00\x00\x00\x00\x00\xf6?\x00\x00\x00\x00\x00\x00\x00\x00\x00\x00\x00\x00\x00\x00\x00\x00\x00\x00\x00\x00\x00\x00\x00\x00\x00\x00\x00\x00\x00\x00\x00\x00\x00\x00\x00\x00\x00\x00\x00\x00\x00\x00\x00\x00T\x00\x00\x00)
input 3:  C(16,\x05\x00\x00\x00\x01\x00\x00\x00V\x00\x00\x00\x00\x00\x00\x00)
replaying PPB_Core_AddRefResource:i::
input 0:  i(6666)
replaying PPB_GetInterface:s:i:
input 0:  s("PPB_KeyboardInputEvent;1.0")
output 0:  i(1)
replaying ReleaseResourceMultipleTimes:ii::
input 0:  i(6666)
input 1:  i(1)
rpc call complete PPP_InputEvent_HandleInputEvent:iiCC:i
output 0:  i(1)


"*** SENT EVENTS EV_KEY_DOWN"
rpc call intiated PPP_InputEvent_HandleInputEvent:iiCC:i
input 0:  i(5555)
input 1:  i(6666)
input 2:  C(64,\x07\x00\x00\x00\x00\x00\x00\x00\x00\x00\x00\x00\x00\x00\xf5?\x00\x00\x00\x00\x00\x00\x00\x00\x00\x00\x00\x00\x00\x00\x00\x00\x00\x00\x00\x00\x00\x00\x00\x00\x00\x00\x00\x00\x00\x00\x00\x00\x00\x00\x00\x00\x00\x00\x00\x00\x00\x00\x00\x00T\x00\x00\x00)
input 3:  C(16,\x05\x00\x00\x00\x01\x00\x00\x00V\x00\x00\x00\x00\x00\x00\x00)
replaying PPB_Core_AddRefResource:i::
input 0:  i(6666)
replaying ReleaseResourceMultipleTimes:ii::
input 0:  i(6666)
input 1:  i(1)
rpc call complete PPP_InputEvent_HandleInputEvent:iiCC:i
output 0:  i(1)


"*** TRIGGER EVENT FLUSH"
rpc call intiated PPP_Instance_DidChangeFocus:ib:
input 0:  i(5555)
input 1:  b(0)
replaying PPB_GetInterface:s:i:
input 0:  s("PPB_Messaging;1.0")
output 0:  i(1)
replaying PPB_Messaging_PostMessage:iC::
input 0:  i(5555)
input 1:  C(104,\x05\x00\x00\x00_\x00\x00\x005555:_Mouse_event:Down_modifier:left-button-down__button:Left_x:264_y:100_click_count:1_time:1\n\x00)
replaying PPB_Messaging_PostMessage:iC::
input 0:  i(5555)
input 1:  C(112,\x05\x00\x00\x00b\x00\x00\x005555:_Mouse_event:Up_modifier:left-button-down__button:Left_x:264_y:100_click_count:0_time:1.0625\n\x00\x00\x00\x00\x00\x00)
replaying PPB_Messaging_PostMessage:iC::
input 0:  i(5555)
input 1:  C(96,\x05\x00\x00\x00R\x00\x00\x005555:_Mouse_event:Move_modifier:_button:Left_x:264_y:100_click_count:0_time:1.125\n\x00\x00\x00\x00\x00\x00)
replaying PPB_Messaging_PostMessage:iC::
input 0:  i(5555)
input 1:  C(96,\x05\x00\x00\x00T\x00\x00\x005555:_Mouse_event:Enter_modifier:_button:Left_x:264_y:100_click_count:0_time:1.1875\n\x00\x00\x00\x00)
replaying PPB_Messaging_PostMessage:iC::
input 0:  i(5555)
input 1:  C(96,\x05\x00\x00\x00R\x00\x00\x005555:_Mouse_event:Leave_modifier:_button:Left_x:264_y:100_click_count:0_time:1.25\n\x00\x00\x00\x00\x00\x00)
replaying PPB_Messaging_PostMessage:iC::
input 0:  i(5555)
input 1:  C(80,\x05\x00\x00\x00B\x00\x00\x005555:_Key_event:Up_modifier:_key_code:84_time:1.375_text:Var<'V'>\n\x00\x00\x00\x00\x00\x00)
replaying PPB_Messaging_PostMessage:iC::
input 0:  i(5555)
input 1:  C(80,\x05\x00\x00\x00E\x00\x00\x005555:_Key_event:Down_modifier:_key_code:84_time:1.3125_text:Var<'V'>\n\x00\x00\x00)
rpc call complete PPP_Instance_DidChangeFocus:ib:

rpc call intiated PPP_ShutdownModule::
rpc call complete PPP_ShutdownModule::

"DONE"
