
"*** REPLAY PROLOG"

"*** REGISTER REPLAY METHODS"

"*** INITIALIZE PEPPER"

"*** CREATE UPCALL SERVICE"

"*** INIT MODULE"
rpc call intiated PPP_InitializeModule:iihs:ii
input 0:  i(0)
input 1:  i(4444)
input 2:  h(pepper_desc)
input 3:  @LENGTHY_SERIVE_STRING
replaying PPB_GetInterface:s:i:
input 0:  s("PPB_Core;1.0")
output 0:  i(1)
replaying PPB_GetInterface:s:i:
input 0:  s("PPB_Instance;1.0")
output 0:  i(1)
replaying PPB_GetInterface:s:i:
input 0:  s("PPB_Var;1.0")
output 0:  i(1)
rpc call complete PPP_InitializeModule:iihs:ii


"*** TRIGGER REPAINT"
rpc call intiated PPP_Instance_DidChangeView:iII:
input 0:  i(5555)
input 1:  I(4,8,79,400,400)
input 2:  I(4,0,0,400,400)
rpc call complete PPP_Instance_DidChangeView:iII:


"*** CALL loadUrl(): as buffer"
rpc call intiated Call:CCiCC:CC
input 0:  @THE_OBJECT
input 1:  C(16,\x05\x00\x00\x00\x07\x00\x00\x00loadUrl\x00)
input 2:  i(2)
input 3:  C(48,\x05\x00\x00\x00\x19\x00\x00\x00ppapi_geturl_success.html\x00\x00\x00\x00\x00\x00\x00\x02\x00\x00\x00\x00\x00\x00\x00)
input 4:  C(8,\x00\x00\x00\x00\x00\x00\x00\x00)
replaying PPB_GetInterface:s:i:
input 0:  s("PPB_URLRequestInfo;1.0")
output 0:  i(1)
replaying PPB_URLRequestInfo_Create:i:i:
input 0:  i(5555)
output 0:  i(30)
replaying PPB_GetInterface:s:i:
input 0:  s("PPB_URLResponseInfo;1.0")
output 0:  i(1)
replaying PPB_GetInterface:s:i:
input 0:  s("PPB_URLLoader;1.0")
output 0:  i(1)
replaying PPB_URLLoader_Create:i:i:
input 0:  i(5555)
output 0:  i(34)
replaying PPB_GetInterface:s:i:
input 0:  s("PPB_FileIO;1.0")
output 0:  i(1)
replaying PPB_FileIO_Create:i:i:
input 0:  i(5555)
output 0:  i(35)
replaying PPB_FileIO_IsFileIO:i:i:
input 0:  i(30)
output 0:  i(0)
replaying PPB_URLRequestInfo_IsURLRequestInfo:i:i:
input 0:  i(30)
output 0:  i(1)
replaying PPB_URLResponseInfo_IsURLResponseInfo:i:i:
input 0:  i(30)
output 0:  i(0)
replaying PPB_URLLoader_IsURLLoader:i:i:
input 0:  i(30)
output 0:  i(0)
replaying PPB_FileIO_IsFileIO:i:i:
input 0:  i(34)
output 0:  i(0)
replaying PPB_URLRequestInfo_IsURLRequestInfo:i:i:
input 0:  i(34)
output 0:  i(0)
replaying PPB_URLResponseInfo_IsURLResponseInfo:i:i:
input 0:  i(34)
output 0:  i(0)
replaying PPB_URLLoader_IsURLLoader:i:i:
input 0:  i(34)
output 0:  i(1)
replaying PPB_FileIO_IsFileIO:i:i:
input 0:  i(35)
output 0:  i(1)
replaying PPB_URLRequestInfo_IsURLRequestInfo:i:i:
input 0:  i(35)
output 0:  i(0)
replaying PPB_URLResponseInfo_IsURLResponseInfo:i:i:
input 0:  i(35)
output 0:  i(0)
replaying PPB_URLLoader_IsURLLoader:i:i:
input 0:  i(35)
output 0:  i(0)
replaying PPB_URLRequestInfo_SetProperty:iiC:i:
input 0:  i(30)
input 1:  i(0)
input 2:  C(40,\x05\x00\x00\x00\x19\x00\x00\x00ppapi_geturl_success.html\x00\x00\x00\x00\x00\x00\x00)
output 0:  i(1)
replaying PPB_URLRequestInfo_SetProperty:iiC:i:
input 0:  i(30)
input 1:  i(1)
input 2:  C(16,\x05\x00\x00\x00\x03\x00\x00\x00GET\x00\x00\x00\x00\x00)
output 0:  i(1)
replaying PPB_URLRequestInfo_SetProperty:iiC:i:
input 0:  i(30)
input 1:  i(3)
input 2:  C(8,\x02\x00\x00\x00\x00\x00\x00\x00)
output 0:  i(1)
replaying PPB_URLLoader_Open:iii:i:
input 0:  i(34)
input 1:  i(30)
input 2:  i(1)
output 0:  i(-1)
rpc call complete Call:CCiCC:CC
output 0:  C(8,\x00\x00\x00\x00\x00\x00\x00\x00)
output 1:  C(8,\x00\x00\x00\x00\x00\x00\x00\x00)


"*** async response part1"
rpc call intiated RunCompletionCallback:iiC:
input 0:  i(1)
input 1:  i(0)
input 2:  C(0,)
replaying PPB_URLLoader_GetResponseInfo:i:i:
input 0:  i(34)
output 0:  i(38)
replaying PPB_FileIO_IsFileIO:i:i:
input 0:  i(38)
output 0:  i(0)
replaying PPB_URLRequestInfo_IsURLRequestInfo:i:i:
input 0:  i(38)
output 0:  i(0)
replaying PPB_URLResponseInfo_IsURLResponseInfo:i:i:
input 0:  i(38)
output 0:  i(1)
replaying PPB_URLLoader_IsURLLoader:i:i:
input 0:  i(38)
output 0:  i(0)
replaying PPB_URLResponseInfo_GetProperty:ii:C:
input 0:  i(38)
input 1:  i(0)
output 0:  C(56,\x05\x00\x00\x00/\x00\x00\x00http://localhost:5103/ppapi_geturl_success.html\x00)
replaying PPB_URLResponseInfo_GetProperty:ii:C:
input 0:  i(38)
input 1:  i(3)
output 0:  C(8,\x03\x00\x00\x00\xc8\x00\x00\x00)
replaying PPB_URLLoader_ReadResponseBody:iii:Ci:
input 0:  i(34)
input 1:  i(1024)
input 2:  i(2)
output 0:  C(0,)
output 1:  i(-1)
rpc call complete RunCompletionCallback:iiC:


"*** async response part2"
rpc call intiated RunCompletionCallback:iiC:
input 0:  i(2)
input 1:  i(12)
input 2:  C(12,hello world!)
replaying PPB_URLLoader_ReadResponseBody:iii:Ci:
input 0:  i(34)
input 1:  i(1024)
input 2:  i(3)
output 0:  C(0,)
output 1:  i(-1)
rpc call complete RunCompletionCallback:iiC:


"*** async response eof - report success"
rpc call intiated RunCompletionCallback:iiC:
input 0:  i(3)
input 1:  i(0)
input 2:  C(0,)
replaying PPB_Core_ReleaseResource:i::
input 0:  i(30)
replaying PPB_Core_ReleaseResource:i::
input 0:  i(34)
replaying PPB_Core_ReleaseResource:i::
input 0:  i(38)
replaying PPB_Core_ReleaseResource:i::
input 0:  i(35)
rpc call complete RunCompletionCallback:iiC:


"*** CALL loadUrl(): as file"
rpc call intiated Call:CCiCC:CC
input 0:  @THE_OBJECT
input 1:  C(16,\x05\x00\x00\x00\x07\x00\x00\x00loadUrl\x00)
input 2:  i(2)
input 3:  C(48,\x05\x00\x00\x00\x19\x00\x00\x00ppapi_geturl_success.html\x00\x00\x00\x00\x00\x00\x00\x02\x00\x00\x00\x01\x00\x00\x00)
input 4:  C(8,\x00\x00\x00\x00\x00\x00\x00\x00)
replaying PPB_URLRequestInfo_Create:i:i:
input 0:  i(5555)
output 0:  i(30)
replaying PPB_URLLoader_Create:i:i:
input 0:  i(5555)
output 0:  i(34)
replaying PPB_FileIO_Create:i:i:
input 0:  i(5555)
output 0:  i(66)
replaying PPB_FileIO_IsFileIO:i:i:
input 0:  i(30)
output 0:  i(0)
replaying PPB_URLRequestInfo_IsURLRequestInfo:i:i:
input 0:  i(30)
output 0:  i(1)
replaying PPB_URLResponseInfo_IsURLResponseInfo:i:i:
input 0:  i(30)
output 0:  i(0)
replaying PPB_URLLoader_IsURLLoader:i:i:
input 0:  i(30)
output 0:  i(0)
replaying PPB_FileIO_IsFileIO:i:i:
input 0:  i(34)
output 0:  i(0)
replaying PPB_URLRequestInfo_IsURLRequestInfo:i:i:
input 0:  i(34)
output 0:  i(0)
replaying PPB_URLResponseInfo_IsURLResponseInfo:i:i:
input 0:  i(34)
output 0:  i(0)
replaying PPB_URLLoader_IsURLLoader:i:i:
input 0:  i(34)
output 0:  i(1)
replaying PPB_FileIO_IsFileIO:i:i:
input 0:  i(66)
output 0:  i(1)
replaying PPB_URLRequestInfo_IsURLRequestInfo:i:i:
input 0:  i(66)
output 0:  i(0)
replaying PPB_URLResponseInfo_IsURLResponseInfo:i:i:
input 0:  i(66)
output 0:  i(0)
replaying PPB_URLLoader_IsURLLoader:i:i:
input 0:  i(66)
output 0:  i(0)
replaying PPB_URLRequestInfo_SetProperty:iiC:i:
input 0:  i(30)
input 1:  i(0)
input 2:  C(40,\x05\x00\x00\x00\x19\x00\x00\x00ppapi_geturl_success.html\x00\x00\x00\x00\x00\x00\x00)
output 0:  i(1)
replaying PPB_URLRequestInfo_SetProperty:iiC:i:
input 0:  i(30)
input 1:  i(1)
input 2:  C(16,\x05\x00\x00\x00\x03\x00\x00\x00GET\x00\x00\x00\x00\x00)
output 0:  i(1)
replaying PPB_URLRequestInfo_SetProperty:iiC:i:
input 0:  i(30)
input 1:  i(3)
input 2:  C(8,\x02\x00\x00\x00\x01\x00\x00\x00)
output 0:  i(1)
replaying PPB_URLLoader_Open:iii:i:
input 0:  i(34)
input 1:  i(30)
input 2:  i(4)
output 0:  i(-1)
rpc call complete Call:CCiCC:CC
output 0:  C(8,\x00\x00\x00\x00\x00\x00\x00\x00)
output 1:  C(8,\x00\x00\x00\x00\x00\x00\x00\x00)


"*** DONE"
rpc call intiated PPP_ShutdownModule::
rpc call complete PPP_ShutdownModule::

