NAME_FIRST | fn |  | 
NAME_MIDDLE | mn |  | 
NAME_MIDDLE_INITIAL | mi |  | 
NAME_LAST | ln |  | 
NAME_FULL | nn |  | 
COMPANY_NAME | cm |  | 
ADDRESS_HOME_LINE1 | af |  | 
ADDRESS_HOME_LINE1 | a1 |  | 
ADDRESS_HOME_LINE2 | a2 |  | 
ADDRESS_HOME_CITY | l1 |  | 
ADDRESS_HOME_CITY | l2 |  | 
ADDRESS_HOME_STATE | s1 |  | 
ADDRESS_HOME_STATE | s2 |  | 
ADDRESS_HOME_STATE | s3 |  | 
ADDRESS_HOME_STATE | s4 |  | 
ADDRESS_HOME_ZIP | zc |  | 
ADDRESS_HOME_COUNTRY | cy |  | 
EMAIL_ADDRESS | em |  | 
PHONE_HOME_WHOLE_NUMBER | p1 |  | 
PHONE_HOME_COUNTRY_CODE | p2 |  | 
PHONE_HOME_CITY_AND_NUMBER | p3 |  | 
PHONE_HOME_CITY_CODE | p4 |  | 
PHONE_HOME_NUMBER | p5 |  | 
PHONE_HOME_NUMBER | p6 |  | 
PHONE_HOME_NUMBER | p7 |  | 
CREDIT_CARD_NAME | c1 |  | 
CREDIT_CARD_NUMBER | c2 |  | 
CREDIT_CARD_EXP_MONTH | c3 |  | 
CREDIT_CARD_EXP_4_DIGIT_YEAR | c4 |  | 
CREDIT_CARD_EXP_2_DIGIT_YEAR | c5 |  | 
CREDIT_CARD_EXP_DATE_4_DIGIT_YEAR | c6 |  | 
CREDIT_CARD_EXP_DATE_2_DIGIT_YEAR | c7 |  | 
