NAME_FIRST | ctl00$ctl00$cphBody$cphBody$txtSA_FirstName | First Name * | 
NAME_LAST | ctl00$ctl00$cphBody$cphBody$txtSA_LastName | Last Name * | 
ADDRESS_HOME_LINE1 | ctl00$ctl00$cphBody$cphBody$txtSA_Address1 | Address Line 1 * | 
ADDRESS_HOME_LINE2 | ctl00$ctl00$cphBody$cphBody$txtSA_Address2 | Address Line 2 | 
ADDRESS_HOME_CITY | ctl00$ctl00$cphBody$cphBody$txtSA_City | City * | 
ADDRESS_HOME_STATE | ctl00$ctl00$cphBody$cphBody$ddlSA_State | State * | 
ADDRESS_HOME_ZIP | ctl00$ctl00$cphBody$cphBody$txtSA_Zip | ZIP Code * | 
PHONE_HOME_CITY_CODE | ctl00$ctl00$cphBody$cphBody$txtSA_Phone1 | Phone Number * | 
PHONE_HOME_NUMBER | ctl00$ctl00$cphBody$cphBody$txtSA_Phone2 | ZIP Code * | 
PHONE_HOME_NUMBER | ctl00$ctl00$cphBody$cphBody$txtSA_Phone3 | ZIP Code * | 
UNKNOWN_TYPE | ctl00$ctl00$cphBody$cphBody$txtSA_PhoneExt | Ext. | 
