NAME_FULL | name | Full Name*: | 
ADDRESS_HOME_LINE1 | address1 | Address 1*: | 
ADDRESS_HOME_LINE2 | address2 | Address 2 (optional): | 
ADDRESS_HOME_CITY | city | City*: | 
ADDRESS_HOME_STATE | state | State*: | 
ADDRESS_HOME_ZIP | zip | Zip Code*: | 
PHONE_HOME_WHOLE_NUMBER | voice | Phone Number*: | 
