NAME_FIRST | TxtFirstName | *First Name | 
NAME_MIDDLE_INITIAL | TxtMI | MI | 
NAME_LAST | TxtLastName | *Last Name | 
EMAIL_ADDRESS | TxtEmail | *E-Mail Address | 
EMAIL_ADDRESS | TxtEmailConfirm | *Retype E-Mail Address | 
ADDRESS_HOME_ZIP | TxtPostalCode | *ZIP Code | 
UNKNOWN_TYPE | TxtRzMembershipId | Enter 10-Digit Member ID (optional) | 
