UNKNOWN_TYPE | userName | First and Last Name: | 
EMAIL_ADDRESS | email | E-mail Address: | 
EMAIL_ADDRESS | emailCheck | Re-type E-mail Address: | 
