EMAIL_ADDRESS | adobeId | E-Mail AddressThis will be your Adobe ID | 
NAME_FIRST | firstName | First Name | 
NAME_LAST | lastName | Last Name | 
ADDRESS_HOME_COUNTRY | countryCode | Country | 
