EMAIL_ADDRESS | emailAddress | Email Address | 
NAME_FULL | name | Full Name | 
ADDRESS_HOME_COUNTRY | country | Country | 0
