NAME_FIRST | fname | * First Name | 
NAME_LAST | lname | * Last Name | 
EMAIL_ADDRESS | emLogin | * E-mail address | 
