NAME_FIRST | tbxFirstName | First Name | 
NAME_LAST | tbxLastName | Last Name | 
UNKNOWN_TYPE | tbxMusicianName | Artist Name | 
UNKNOWN_TYPE | ddlGenre | Genre | 
UNKNOWN_TYPE | ddlLabel | Label Type | 
EMAIL_ADDRESS | tbxEmail | Email | 
UNKNOWN_TYPE | ddlMonth | Birthday | 
UNKNOWN_TYPE | ddlDay |  | 
UNKNOWN_TYPE | ddlYear |  | 
