UNKNOWN_TYPE | ctl00$ctl00$ctl00$SiteMasterBody$NewNavigationTabs$txtQuery |  | 
NAME_FIRST | ctl00$ctl00$ctl00$SiteMasterBody$ContentPlaceHolder1$ContentPlaceHolder1$txtFirstName | First Name * | 
NAME_LAST | ctl00$ctl00$ctl00$SiteMasterBody$ContentPlaceHolder1$ContentPlaceHolder1$txtLastName | Last Name * | 
EMAIL_ADDRESS | ctl00$ctl00$ctl00$SiteMasterBody$ContentPlaceHolder1$ContentPlaceHolder1$txtUserName | Email Address * | 
EMAIL_ADDRESS | ctl00$ctl00$ctl00$SiteMasterBody$ContentPlaceHolder1$ContentPlaceHolder1$txtConfirmUserName | Confirm Email Address * | 
