NAME_FIRST
NAME_LAST
ADDRESS_HOME_LINE1
ADDRESS_HOME_CITY
ADDRESS_HOME_STATE
ADDRESS_HOME_ZIP
PHONE_HOME_WHOLE_NUMBER
PHONE_HOME_CITY_CODE
PHONE_HOME_NUMBER
PHONE_HOME_CITY_CODE
PHONE_HOME_NUMBER
PHONE_HOME_NUMBER
UNKNOWN_TYPE
PHONE_HOME_CITY_CODE
PHONE_HOME_NUMBER
PHONE_HOME_NUMBER
UNKNOWN_TYPE
PHONE_HOME_COUNTRY_CODE
PHONE_HOME_CITY_CODE
PHONE_HOME_NUMBER
PHONE_HOME_NUMBER
UNKNOWN_TYPE
PHONE_HOME_COUNTRY_CODE
PHONE_HOME_CITY_CODE
PHONE_HOME_NUMBER
PHONE_HOME_NUMBER
UNKNOWN_TYPE
PHONE_FAX_WHOLE_NUMBER
PHONE_FAX_CITY_CODE
PHONE_FAX_NUMBER
PHONE_FAX_CITY_CODE
PHONE_FAX_NUMBER
PHONE_FAX_NUMBER
UNKNOWN_TYPE
PHONE_FAX_CITY_CODE
PHONE_FAX_NUMBER
PHONE_FAX_NUMBER
UNKNOWN_TYPE
PHONE_FAX_COUNTRY_CODE
PHONE_FAX_CITY_CODE
PHONE_FAX_NUMBER
PHONE_FAX_NUMBER
UNKNOWN_TYPE
PHONE_FAX_COUNTRY_CODE
PHONE_FAX_CITY_CODE
PHONE_FAX_NUMBER
PHONE_FAX_NUMBER
UNKNOWN_TYPE
