NAME_FULL
COMPANY_NAME
ADDRESS_HOME_LINE1
ADDRESS_HOME_LINE2
ADDRESS_HOME_CITY
ADDRESS_HOME_ZIP
ADDRESS_HOME_STATE
EMAIL_ADDRESS
PHONE_HOME_WHOLE_NUMBER
PHONE_FAX_WHOLE_NUMBER
CREDIT_CARD_NAME
CREDIT_CARD_NUMBER
CREDIT_CARD_EXP_MONTH
CREDIT_CARD_EXP_4_DIGIT_YEAR
