---
NAME_FIRST: Alice
NAME_FIRST: Billy
NAME_MIDDLE: Anne
NAME_MIDDLE: Bob
NAME_LAST: Akins
NAME_LAST: Bruner
EMAIL_ADDRESS: aa@a.com
EMAIL_ADDRESS: bb@b.com
COMPANY_NAME: Acme
ADDRESS_HOME_LINE1: 1 Main Street
ADDRESS_HOME_LINE2: Apt 1
ADDRESS_HOME_CITY: San Francisco
ADDRESS_HOME_STATE: CA
ADDRESS_HOME_ZIP: 94102
ADDRESS_HOME_COUNTRY: United States
PHONE_HOME_WHOLE_NUMBER: 1110001111
PHONE_HOME_WHOLE_NUMBER: 2220003333
PHONE_FAX_WHOLE_NUMBER: 8880008888
