---
NAME_FIRST: Alice
NAME_MIDDLE: Anne
NAME_LAST: Akins
EMAIL_ADDRESS: aa@a.com
COMPANY_NAME: Box Co
ADDRESS_HOME_LINE1: 1 Main Street
ADDRESS_HOME_LINE2: Apt 2
ADDRESS_HOME_CITY: San Francisco
ADDRESS_HOME_STATE: NY
ADDRESS_HOME_ZIP: 11001
ADDRESS_HOME_COUNTRY: Canada
PHONE_HOME_WHOLE_NUMBER: 16502101111
PHONE_FAX_WHOLE_NUMBER: 7812008888
